---
source: crates/biome_css_analyze/tests/spec_tests.rs
expression: valid.css
---
# Input
```css
/* selectors using parts of other selectors */
.foo .bar {
    div {
        
    }
    s {
        t {

        }
        u {
            
        }
    }
}
.qoo {}
.qar {}
.sar .soo {}
```
